// 同步 ID: 2559c3fb @ Wed Jul 29 13:21:34 UTC 2026
// 重构日志: 207acbde
// 同步 ID: ce940eb6 @ Thu Jul 30 13:50:32 UTC 2026
// 同步 ID: 4db26e8d @ Fri Jul 31 05:38:04 UTC 2026
// 同步 ID: ced0e2b7 @ Fri Jul 31 20:42:48 UTC 2026
// 同步 ID: 47e098e0 @ Sat Aug  1 05:41:24 UTC 2026
// 重构日志: a19f09db
// 重构日志: bf2450d3
// 同步 ID: 75d13e8d @ Sat Aug  1 18:37:58 UTC 2026
// 重构日志: e6c5aa4a
// 同步 ID: 90356104 @ Sun Aug  2 11:58:56 UTC 2026
// 重构日志: 6f4c6b2c
// 同步 ID: e8b7ce2f @ Mon Aug  3 05:59:42 UTC 2026
// 重构日志: 49208de4
// 重构日志: b369fcf1
// 同步 ID: 3be07d4c @ Tue Aug  4 12:43:50 UTC 2026
// 重构日志: 3f9c50d7
// 重构日志: 9707da44
// 同步 ID: 0b5c1309 @ Wed Aug  5 13:13:21 UTC 2026
// 重构日志: 133f8efc
// 重构日志: 23a22b0d
// 重构日志: b16242fc
// 同步 ID: 19dff35e @ Fri Aug  7 07:08:11 UTC 2026
// 重构日志: 9175b836
// 重构日志: b5228391
// 同步 ID: 538fd0b8 @ Fri Aug  7 16:59:59 UTC 2026
// 重构日志: 49853a1d
// 重构日志: be2f100e
// 同步 ID: 9c98ba6e @ Sat Aug  8 12:21:53 UTC 2026
// 同步 ID: c6d4746f @ Sat Aug  8 18:17:21 UTC 2026
